20:54:51 INFO Created a DITA map output=maps/ocp/disconnected-environments.ditamap input=maps/ocp/disconnected-environments.adoc
20:54:51 INFO Created a DITA map output=maps/ocp-jobs/convert-a-connected-cluster-to-disconnected.ditamap input=maps/ocp-jobs/convert-a-connected-cluster-to-disconnected.adoc
20:54:52 INFO Created a DITA map output=maps/ocp-jobs/create-a-mirror-registy-with-mirror-registy-for-red-hat-openshift.ditamap input=maps/ocp-jobs/create-a-mirror-registy-with-mirror-registy-for-red-hat-openshift.adoc
20:54:52 INFO Created a DITA map output=maps/ocp-jobs/install-a-cluster-in-a-disconnected-environment.ditamap input=maps/ocp-jobs/install-a-cluster-in-a-disconnected-environment.adoc
20:54:52 INFO Created a DITA map output=maps/ocp-jobs/manage-olm-operators-in-a-disconnected-environment.ditamap input=maps/ocp-jobs/manage-olm-operators-in-a-disconnected-environment.adoc
20:54:52 INFO Created a DITA map output=maps/ocp-jobs/migrate-from-oc-mirror-v1-to-v2.ditamap input=maps/ocp-jobs/migrate-from-oc-mirror-v1-to-v2.adoc
20:54:53 INFO Created a DITA map output=maps/ocp-jobs/mirror-images-to-a-mirror-registry-using-oc-mirror-v2.ditamap input=maps/ocp-jobs/mirror-images-to-a-mirror-registry-using-oc-mirror-v2.adoc
20:54:53 INFO Created a DITA map output=maps/ocp-jobs/mirror-images-to-a-mirror-registry-using-the-oc-adm-release-mirror-command.ditamap input=maps/ocp-jobs/mirror-images-to-a-mirror-registry-using-the-oc-adm-release-mirror-command.adoc
20:54:53 INFO Created a DITA map output=maps/ocp-jobs/understand-disconnected-environments.ditamap input=maps/ocp-jobs/understand-disconnected-environments.adoc
20:54:54 INFO Created a DITA map output=maps/ocp-jobs/update-a-cluster-in-a-disconnected-environment-using-osus.ditamap input=maps/ocp-jobs/update-a-cluster-in-a-disconnected-environment-using-osus.adoc
20:54:54 INFO Created a DITA map output=maps/ocp-jobs/update-a-cluster-in-a-disconnected-environment-without-using-osus.ditamap input=maps/ocp-jobs/update-a-cluster-in-a-disconnected-environment-without-using-osus.adoc
20:54:54 INFO Created a DITA task output=modules/config-access-for-sec-reg-osus.dita input=modules/config-access-for-sec-reg-osus.adoc
20:54:54 INFO Created a DITA task output=modules/configuring-rootless-podman-networking.dita input=modules/configuring-rootless-podman-networking.adoc
20:54:55 INFO Created a DITA task output=modules/connected-to-disconnected-config-registry.dita input=modules/connected-to-disconnected-config-registry.adoc
20:54:55 INFO Created a DITA concept output=modules/connected-to-disconnected-disconnect.dita input=modules/connected-to-disconnected-disconnect.adoc
20:54:55 INFO Created a DITA task output=modules/connected-to-disconnected-mirror-images.dita input=modules/connected-to-disconnected-mirror-images.adoc
20:54:55 INFO Created a DITA task output=modules/connected-to-disconnected-prepare-mirror.dita input=modules/connected-to-disconnected-prepare-mirror.adoc
20:54:56 INFO Created a DITA task output=modules/connected-to-disconnected-restore-insights.dita input=modules/connected-to-disconnected-restore-insights.adoc
20:54:56 INFO Created a DITA task output=modules/connected-to-disconnected-restore.dita input=modules/connected-to-disconnected-restore.adoc
20:54:56 INFO Created a DITA task output=modules/connected-to-disconnected-verify.dita input=modules/connected-to-disconnected-verify.adoc
20:54:56 INFO Created a DITA concept output=modules/creating-osus.dita input=modules/creating-osus.adoc
20:54:57 INFO Created a DITA concept output=modules/disconnected-osus-overview.dita input=modules/disconnected-osus-overview.adoc
20:54:57 INFO Created a DITA task output=modules/generating-icsp-object-scoped-to-a-registry.dita input=modules/generating-icsp-object-scoped-to-a-registry.adoc
20:54:57 INFO Created a DITA reference output=modules/glossary-discc-env-terms.dita input=modules/glossary-discc-env-terms.adoc
20:54:57 INFO Created a DITA task output=modules/images-configuration-registry-mirror-configuring.dita input=modules/images-configuration-registry-mirror-configuring.adoc
20:54:58 INFO Created a DITA task output=modules/images-configuration-registry-mirror-convert.dita input=modules/images-configuration-registry-mirror-convert.adoc
20:54:58 INFO Created a DITA concept output=modules/images-configuration-registry-mirror.dita input=modules/images-configuration-registry-mirror.adoc
20:54:58 INFO Created a DITA task output=modules/images-update-global-pull-secret.dita input=modules/images-update-global-pull-secret.adoc
20:54:58 INFO Created a DITA concept output=modules/installation-about-mirror-registry.dita input=modules/installation-about-mirror-registry.adoc
20:54:59 INFO Created a DITA task output=modules/installation-mirror-repository.dita input=modules/installation-mirror-repository.adoc
20:54:59 WARN Possible invalid reference: ../installing/installing_with_agent_based_installer/understanding-disconnected-installation-mirroring.dita#understanding-disconnected-installation-mirroring output=modules/installing-agent-based-installer.dita input=modules/installing-agent-based-installer.adoc
20:54:59 WARN Possible invalid reference: ../installing/installing_with_agent_based_installer/understanding-disconnected-installation-mirroring.dita#understanding-disconnected-installation-mirroring output=modules/installing-agent-based-installer.dita input=modules/installing-agent-based-installer.adoc
20:54:59 WARN Possible invalid reference: ../installing/installing_with_agent_based_installer/installing-with-agent-based-installer.dita#installing-with-agent-based-installer output=modules/installing-agent-based-installer.dita input=modules/installing-agent-based-installer.adoc
20:54:59 WARN Possible invalid reference: ../installing/installing_with_agent_based_installer/installing-with-agent-based-installer.dita#installing-with-agent-based-installer output=modules/installing-agent-based-installer.dita input=modules/installing-agent-based-installer.adoc
20:54:59 INFO Created a DITA reference output=modules/installing-agent-based-installer.dita input=modules/installing-agent-based-installer.adoc
20:54:59 WARN Possible invalid reference: ../installing/installing_aws/ipi/installing-restricted-networks-aws-installer-provisioned.dita#installing-restricted-networks-aws-installer-provisioned output=modules/installing-aws.dita input=modules/installing-aws.adoc
20:54:59 WARN Possible invalid reference: ../installing/installing_aws/ipi/installing-restricted-networks-aws-installer-provisioned.dita#installing-restricted-networks-aws-installer-provisioned output=modules/installing-aws.dita input=modules/installing-aws.adoc
20:54:59 WARN Possible invalid reference: ../installing/installing_aws/upi/installing-restricted-networks-aws.dita#installing-restricted-networks-aws output=modules/installing-aws.dita input=modules/installing-aws.adoc
20:54:59 WARN Possible invalid reference: ../installing/installing_aws/upi/installing-restricted-networks-aws.dita#installing-restricted-networks-aws output=modules/installing-aws.dita input=modules/installing-aws.adoc
20:54:59 INFO Created a DITA reference output=modules/installing-aws.dita input=modules/installing-aws.adoc
20:54:59 WARN Possible invalid reference: ../installing/installing_azure/ipi/installing-restricted-networks-azure-installer-provisioned.dita#installing-restricted-networks-azure-installer-provisioned output=modules/installing-azure.dita input=modules/installing-azure.adoc
20:54:59 WARN Possible invalid reference: ../installing/installing_azure/ipi/installing-restricted-networks-azure-installer-provisioned.dita#installing-restricted-networks-azure-installer-provisioned output=modules/installing-azure.dita input=modules/installing-azure.adoc
20:54:59 WARN Possible invalid reference: ../installing/installing_azure/upi/installing-restricted-networks-azure-user-provisioned.dita#installing-restricted-networks-azure-user-provisioned output=modules/installing-azure.dita input=modules/installing-azure.adoc
20:54:59 WARN Possible invalid reference: ../installing/installing_azure/upi/installing-restricted-networks-azure-user-provisioned.dita#installing-restricted-networks-azure-user-provisioned output=modules/installing-azure.dita input=modules/installing-azure.adoc
20:55:00 INFO Created a DITA reference output=modules/installing-azure.dita input=modules/installing-azure.adoc
20:55:00 WARN Possible invalid reference: ../installing/installing_bare_metal/upi/installing-restricted-networks-bare-metal.dita#installing-restricted-networks-bare-metal output=modules/installing-baremetal.dita input=modules/installing-baremetal.adoc
20:55:00 INFO Created a DITA reference output=modules/installing-baremetal.dita input=modules/installing-baremetal.adoc
20:55:00 WARN Possible invalid reference: ../installing/installing_gcp/installing-restricted-networks-gcp-installer-provisioned.dita#installing-restricted-networks-gcp-installer-provisioned output=modules/installing-gcp.dita input=modules/installing-gcp.adoc
20:55:00 WARN Possible invalid reference: ../installing/installing_gcp/installing-restricted-networks-gcp-installer-provisioned.dita#installing-restricted-networks-gcp-installer-provisioned output=modules/installing-gcp.dita input=modules/installing-gcp.adoc
20:55:00 WARN Possible invalid reference: ../installing/installing_gcp/installing-restricted-networks-gcp.dita#installing-restricted-networks-gcp output=modules/installing-gcp.dita input=modules/installing-gcp.adoc
20:55:00 WARN Possible invalid reference: ../installing/installing_gcp/installing-restricted-networks-gcp.dita#installing-restricted-networks-gcp output=modules/installing-gcp.dita input=modules/installing-gcp.adoc
20:55:00 INFO Created a DITA reference output=modules/installing-gcp.dita input=modules/installing-gcp.adoc
20:55:00 WARN Possible invalid reference: ../installing/installing_ibm_cloud/installing-ibm-cloud-restricted.dita#installing-ibm-cloud-restricted output=modules/installing-ibm-cloud.dita input=modules/installing-ibm-cloud.adoc
20:55:00 INFO Created a DITA reference output=modules/installing-ibm-cloud.dita input=modules/installing-ibm-cloud.adoc
20:55:01 WARN Possible invalid reference: ../installing/installing_ibm_power/installing-restricted-networks-ibm-power.dita#installing-restricted-networks-ibm-power output=modules/installing-ibm-power.dita input=modules/installing-ibm-power.adoc
20:55:01 INFO Created a DITA reference output=modules/installing-ibm-power.dita input=modules/installing-ibm-power.adoc
20:55:01 WARN Possible invalid reference: ../installing/installing_ibm_z/upi/installing-restricted-networks-ibm-z.dita#installing-restricted-networks-ibm-z output=modules/installing-ibm-z.dita input=modules/installing-ibm-z.adoc
20:55:01 WARN Possible invalid reference: ../installing/installing_ibm_z/upi/installing-restricted-networks-ibm-z.dita#installing-restricted-networks-ibm-z output=modules/installing-ibm-z.dita input=modules/installing-ibm-z.adoc
20:55:01 WARN Possible invalid reference: ../installing/installing_ibm_z/upi/installing-restricted-networks-ibm-z-kvm.dita#installing-restricted-networks-ibm-z-kvm output=modules/installing-ibm-z.dita input=modules/installing-ibm-z.adoc
20:55:01 WARN Possible invalid reference: ../installing/installing_ibm_z/upi/installing-restricted-networks-ibm-z-kvm.dita#installing-restricted-networks-ibm-z-kvm output=modules/installing-ibm-z.dita input=modules/installing-ibm-z.adoc
20:55:01 WARN Possible invalid reference: ../installing/installing_ibm_z/upi/installing-restricted-networks-ibm-z-lpar.dita#installing-restricted-networks-ibm-z-lpar output=modules/installing-ibm-z.dita input=modules/installing-ibm-z.adoc
20:55:01 WARN Possible invalid reference: ../installing/installing_ibm_z/upi/installing-restricted-networks-ibm-z-lpar.dita#installing-restricted-networks-ibm-z-lpar output=modules/installing-ibm-z.dita input=modules/installing-ibm-z.adoc
20:55:01 INFO Created a DITA reference output=modules/installing-ibm-z.dita input=modules/installing-ibm-z.adoc
20:55:01 INFO Created a DITA reference output=modules/installing-mirroring-creating-registry-prerequisites.dita input=modules/installing-mirroring-creating-registry-prerequisites.adoc
20:55:01 WARN Possible invalid reference: ../disconnected/installing-mirroring-creating-registry.dita#installing-mirroring-creating-registry output=modules/installing-mirroring-installation-images-prerequisites.dita input=modules/installing-mirroring-installation-images-prerequisites.adoc
20:55:01 WARN Possible invalid reference: ../disconnected/installing-mirroring-creating-registry.dita#installing-mirroring-creating-registry output=modules/installing-mirroring-installation-images-prerequisites.dita input=modules/installing-mirroring-installation-images-prerequisites.adoc
20:55:01 INFO Created a DITA reference output=modules/installing-mirroring-installation-images-prerequisites.dita input=modules/installing-mirroring-installation-images-prerequisites.adoc
20:55:02 WARN Possible invalid reference: ../installing/installing_nutanix/installing-restricted-networks-nutanix-installer-provisioned.dita#installing-restricted-networks-nutanix-installer-provisioned output=modules/installing-nutanix.dita input=modules/installing-nutanix.adoc
20:55:02 INFO Created a DITA reference output=modules/installing-nutanix.dita input=modules/installing-nutanix.adoc
20:55:02 WARN Possible invalid reference: ../installing/installing_openstack/installing-openstack-installer-restricted.dita#installing-openstack-installer-restricted output=modules/installing-openstack.dita input=modules/installing-openstack.adoc
20:55:02 INFO Created a DITA reference output=modules/installing-openstack.dita input=modules/installing-openstack.adoc
20:55:02 INFO Created a DITA concept output=modules/installing-osus.dita input=modules/installing-osus.adoc
20:55:02 WARN Possible invalid reference: ../installing/installing_vsphere/ipi/installing-restricted-networks-installer-provisioned-vsphere.dita#installing-restricted-networks-installer-provisioned-vsphere output=modules/installing-vsphere.dita input=modules/installing-vsphere.adoc
20:55:02 WARN Possible invalid reference: ../installing/installing_vsphere/ipi/installing-restricted-networks-installer-provisioned-vsphere.dita#installing-restricted-networks-installer-provisioned-vsphere output=modules/installing-vsphere.dita input=modules/installing-vsphere.adoc
20:55:02 WARN Possible invalid reference: ../installing/installing_vsphere/upi/installing-restricted-networks-vsphere.dita#installing-restricted-networks-vsphere output=modules/installing-vsphere.dita input=modules/installing-vsphere.adoc
20:55:02 WARN Possible invalid reference: ../installing/installing_vsphere/upi/installing-restricted-networks-vsphere.dita#installing-restricted-networks-vsphere output=modules/installing-vsphere.dita input=modules/installing-vsphere.adoc
20:55:02 INFO Created a DITA reference output=modules/installing-vsphere.dita input=modules/installing-vsphere.adoc
20:55:03 INFO Created a DITA task output=modules/machine-health-checks-pausing.dita input=modules/machine-health-checks-pausing.adoc
20:55:03 INFO Created a DITA concept output=modules/mirror-registry-introduction.dita input=modules/mirror-registry-introduction.adoc
20:55:03 INFO Created a DITA task output=modules/mirror-registry-localhost.dita input=modules/mirror-registry-localhost.adoc
20:55:03 INFO Created a DITA task output=modules/mirror-registry-remote.dita input=modules/mirror-registry-remote.adoc
20:55:04 INFO Created a DITA concept output=modules/mirroring-operator-catalog.dita input=modules/mirroring-operator-catalog.adoc
20:55:04 INFO Created a DITA concept output=modules/oc-mirror-IDMS-ITMS-about.dita input=modules/oc-mirror-IDMS-ITMS-about.adoc
20:55:04 INFO Created a DITA task output=modules/oc-mirror-building-image-set-config-v2.dita input=modules/oc-mirror-building-image-set-config-v2.adoc
20:55:04 INFO Created a DITA task output=modules/oc-mirror-installing-plugin.dita input=modules/oc-mirror-installing-plugin.adoc
20:55:05 INFO Created a DITA concept output=modules/oc-mirror-migration-differences.dita input=modules/oc-mirror-migration-differences.adoc
20:55:05 INFO Created a DITA task output=modules/oc-mirror-migration-process.dita input=modules/oc-mirror-migration-process.adoc
20:55:05 INFO Created a DITA concept output=modules/oc-mirror-preparing-mirror-hosts.dita input=modules/oc-mirror-preparing-mirror-hosts.adoc
20:55:05 INFO Created a DITA task output=modules/oc-mirror-updating-cluster-manifests-v2.dita input=modules/oc-mirror-updating-cluster-manifests-v2.adoc
20:55:06 INFO Created a DITA concept output=modules/oc-mirror-v2-about.dita input=modules/oc-mirror-v2-about.adoc
20:55:06 INFO Created a DITA concept output=modules/oc-mirror-v2-mirroring-image-set.dita input=modules/oc-mirror-v2-mirroring-image-set.adoc
20:55:06 INFO Created a DITA reference output=modules/oc-mirror-v2-prerequisites.dita input=modules/oc-mirror-v2-prerequisites.adoc
20:55:06 INFO Created a DITA concept output=modules/oc-mirror-v2-support.dita input=modules/oc-mirror-v2-support.adoc
20:55:07 INFO Created a DITA concept output=modules/oc-mirror-workflows-fully-disconnected-v2.dita input=modules/oc-mirror-workflows-fully-disconnected-v2.adoc
20:55:07 INFO Created a DITA task output=modules/oc-mirror-workflows-partially-disconnected-v2.dita input=modules/oc-mirror-workflows-partially-disconnected-v2.adoc
20:55:07 INFO Created a DITA task output=modules/olm-creating-catalog-from-index.dita input=modules/olm-creating-catalog-from-index.adoc
20:55:08 INFO Created a DITA concept output=modules/olm-mirroring-catalog.dita input=modules/olm-mirroring-catalog.adoc
20:55:08 INFO Created a DITA task output=modules/olm-restricted-networks-configuring-operatorhub.dita input=modules/olm-restricted-networks-configuring-operatorhub.adoc
20:55:08 INFO Created a DITA reference output=modules/pref-methods-working-discc-env.dita input=modules/pref-methods-working-discc-env.adoc
20:55:08 INFO Created a DITA concept output=modules/prereq-olm.dita input=modules/prereq-olm.adoc
20:55:09 INFO Created a DITA reference output=modules/prereqs-converting-to-disconnected.dita input=modules/prereqs-converting-to-disconnected.adoc
20:55:09 INFO Created a DITA concept output=modules/understand-disconnected-environments-intro.dita input=modules/understand-disconnected-environments-intro.adoc
20:55:09 INFO Created a DITA task output=modules/update-restricted-image-digests.dita input=modules/update-restricted-image-digests.adoc
20:55:09 INFO Created a DITA task output=modules/update-restricted.dita input=modules/update-restricted.adoc
20:55:10 INFO Created a DITA task output=modules/update-service-configure-cvo.dita input=modules/update-service-configure-cvo.adoc
20:55:10 INFO Created a DITA task output=modules/update-service-graph-data.dita input=modules/update-service-graph-data.adoc
20:55:10 INFO Created a DITA reference output=modules/updating-without-osus-prereqs.dita input=modules/updating-without-osus-prereqs.adoc
20:55:10 FATAL Unsupported content type type=snippet input=snippets/idms-global-pull-secret.adoc
20:55:10 FATAL Unsupported content type type=snippet input=snippets/node-icsp-no-drain.adoc
